src/components/IntelligentDocumentVerification.tsx(2,10): error TS6133: 'ArrowRight' is declared but its value is never read.
