src/routes/applications.ts(234,7): error TS2345: Argument of type 'undefined' is not assignable to parameter of type 'Deficiency[]'.
