src/routes/chatbot.ts(41,11): error TS2554: Expected 3 arguments, but got 2.
src/routes/chatbot.ts(47,11): error TS2554: Expected 3 arguments, but got 2.
src/routes/chatbot.ts(75,13): error TS2554: Expected 3 arguments, but got 2.
src/routes/chatbot.ts(77,11): error TS2554: Expected 3 arguments, but got 2.
